<?php return array (
  0 => 'Symfony\\Bundle\\FrameworkBundle\\Controller\\AbstractController',
  1 => 'JsonSchema\\Entity\\JsonPointer',
  2 => 'Shopware\\Administration\\Controller\\AdminExtensionApiController',
  3 => 'Shopware\\Administration\\Controller\\AdminProductStreamController',
  4 => 'Shopware\\Administration\\Controller\\AdminSearchController',
  5 => 'Shopware\\Administration\\Controller\\AdminTagController',
  6 => 'Shopware\\Administration\\Controller\\AdministrationController',
  7 => 'Shopware\\Administration\\Controller\\Exception\\AppByNameNotFoundException',
  8 => 'Shopware\\Administration\\Controller\\Exception\\MissingAppSecretException',
  9 => 'Shopware\\Administration\\Controller\\Exception\\MissingShopUrlException',
  10 => 'Shopware\\Administration\\Controller\\NotificationController',
  11 => 'Shopware\\Administration\\Controller\\UserConfigController',
  12 => 'Shopware\\Core\\Checkout\\Document\\Controller\\DocumentController',
  13 => 'Shopware\\Core\\Checkout\\Payment\\Controller\\PaymentController',
  14 => 'Shopware\\Core\\Content\\ImportExport\\Controller\\ImportExportActionController',
  15 => 'Shopware\\Core\\Content\\ImportExport\\DataAbstractionLayer\\Serializer\\Entity\\AbstractEntitySerializer',
  16 => 'Shopware\\Core\\Content\\ImportExport\\DataAbstractionLayer\\Serializer\\Entity\\CountrySerializer',
  17 => 'Shopware\\Core\\Content\\ImportExport\\DataAbstractionLayer\\Serializer\\Entity\\CustomerSerializer',
  18 => 'Shopware\\Core\\Content\\ImportExport\\DataAbstractionLayer\\Serializer\\Entity\\EntitySerializer',
  19 => 'Shopware\\Core\\Content\\ImportExport\\DataAbstractionLayer\\Serializer\\Entity\\LanguageSerializer',
  20 => 'Shopware\\Core\\Content\\ImportExport\\DataAbstractionLayer\\Serializer\\Entity\\MediaSerializer',
  21 => 'Shopware\\Core\\Content\\ImportExport\\DataAbstractionLayer\\Serializer\\Entity\\OrderSerializer',
  22 => 'Shopware\\Core\\Content\\ImportExport\\DataAbstractionLayer\\Serializer\\Entity\\ProductCrossSellingSerializer',
  23 => 'Shopware\\Core\\Content\\ImportExport\\DataAbstractionLayer\\Serializer\\Entity\\ProductSerializer',
  24 => 'Shopware\\Core\\Content\\ImportExport\\DataAbstractionLayer\\Serializer\\Entity\\PromotionIndividualCodeSerializer',
  25 => 'Shopware\\Core\\Content\\ImportExport\\DataAbstractionLayer\\Serializer\\Entity\\SalutationSerializer',
  26 => 'Shopware\\Core\\Content\\Seo\\Entity\\Dbal\\SeoUrlAssociationFieldResolver',
  27 => 'Shopware\\Core\\Content\\Seo\\Entity\\Field\\SeoUrlAssociationField',
  28 => 'Shopware\\Core\\Content\\Seo\\Entity\\Serializer\\SeoUrlFieldSerializer',
  29 => 'Shopware\\Core\\Framework\\Api\\Controller\\AccessKeyController',
  30 => 'Shopware\\Core\\Framework\\Api\\Controller\\AclController',
  31 => 'Shopware\\Core\\Framework\\Api\\Controller\\ApiController',
  32 => 'Shopware\\Core\\Framework\\Api\\Controller\\AuthController',
  33 => 'Shopware\\Core\\Framework\\Api\\Controller\\CacheController',
  34 => 'Shopware\\Core\\Framework\\Api\\Controller\\Exception\\AuthThrottledException',
  35 => 'Shopware\\Core\\Framework\\Api\\Controller\\Exception\\ExpectedUserHttpException',
  36 => 'Shopware\\Core\\Framework\\Api\\Controller\\Exception\\PermissionDeniedException',
  37 => 'Shopware\\Core\\Framework\\Api\\Controller\\FallbackController',
  38 => 'Shopware\\Core\\Framework\\Api\\Controller\\IndexingController',
  39 => 'Shopware\\Core\\Framework\\Api\\Controller\\InfoController',
  40 => 'Shopware\\Core\\Framework\\Api\\Controller\\IntegrationController',
  41 => 'Shopware\\Core\\Framework\\Api\\Controller\\SalesChannelProxyController',
  42 => 'Shopware\\Core\\Framework\\Api\\Controller\\SyncController',
  43 => 'Shopware\\Core\\Framework\\Api\\Controller\\UserController',
  44 => 'Shopware\\Core\\Framework\\Increment\\Controller\\IncrementApiController',
  45 => 'Shopware\\Core\\Profiling\\Entity\\EntityAggregatorProfiler',
  46 => 'Shopware\\Core\\Profiling\\Entity\\EntityReaderProfiler',
  47 => 'Shopware\\Core\\Profiling\\Entity\\EntitySearcherProfiler',
  48 => 'Shopware\\Core\\System\\SalesChannel\\Entity\\PartialSalesChannelEntityLoadedEvent',
  49 => 'Shopware\\Core\\System\\SalesChannel\\Entity\\SalesChannelDefinitionInstanceRegistry',
  50 => 'Shopware\\Core\\System\\SalesChannel\\Entity\\SalesChannelDefinitionInterface',
  51 => 'Shopware\\Core\\System\\SalesChannel\\Entity\\SalesChannelEntityAggregationResultLoadedEvent',
  52 => 'Shopware\\Core\\System\\SalesChannel\\Entity\\SalesChannelEntityIdSearchResultLoadedEvent',
  53 => 'Shopware\\Core\\System\\SalesChannel\\Entity\\SalesChannelEntityLoadedEvent',
  54 => 'Shopware\\Core\\System\\SalesChannel\\Entity\\SalesChannelEntitySearchResultLoadedEvent',
  55 => 'Shopware\\Core\\System\\SalesChannel\\Entity\\SalesChannelRepository',
  56 => 'Shopware\\Core\\System\\SalesChannel\\Entity\\SalesChannelRepositoryInterface',
  57 => 'Shopware\\Storefront\\Controller\\AccountOrderController',
  58 => 'Shopware\\Storefront\\Controller\\AccountPaymentController',
  59 => 'Shopware\\Storefront\\Controller\\AccountProfileController',
  60 => 'Shopware\\Storefront\\Controller\\AddressController',
  61 => 'Shopware\\Storefront\\Controller\\Api\\CaptchaController',
  62 => 'Shopware\\Storefront\\Controller\\AuthController',
  63 => 'Shopware\\Storefront\\Controller\\CaptchaController',
  64 => 'Shopware\\Storefront\\Controller\\CartLineItemController',
  65 => 'Shopware\\Storefront\\Controller\\CheckoutController',
  66 => 'Shopware\\Storefront\\Controller\\CmsController',
  67 => 'Shopware\\Storefront\\Controller\\ContextController',
  68 => 'Shopware\\Storefront\\Controller\\CookieController',
  69 => 'Shopware\\Storefront\\Controller\\CountryStateController',
  70 => 'Shopware\\Storefront\\Controller\\CsrfController',
  71 => 'Shopware\\Storefront\\Controller\\DocumentController',
  72 => 'Shopware\\Storefront\\Controller\\ErrorController',
  73 => 'Shopware\\Storefront\\Controller\\FormController',
  74 => 'Shopware\\Storefront\\Controller\\LandingPageController',
  75 => 'Shopware\\Storefront\\Controller\\MaintenanceController',
  76 => 'Shopware\\Storefront\\Controller\\NavigationController',
  77 => 'Shopware\\Storefront\\Controller\\NewsletterController',
  78 => 'Shopware\\Storefront\\Controller\\ProductController',
  79 => 'Shopware\\Storefront\\Controller\\RegisterController',
  80 => 'Shopware\\Storefront\\Controller\\ScriptController',
  81 => 'Shopware\\Storefront\\Controller\\SearchController',
  82 => 'Shopware\\Storefront\\Controller\\SitemapController',
  83 => 'Shopware\\Storefront\\Controller\\StoreApiProxyController',
  84 => 'Shopware\\Storefront\\Controller\\StorefrontController',
  85 => 'Shopware\\Storefront\\Controller\\VerificationHashController',
  86 => 'Shopware\\Storefront\\Controller\\WellKnownController',
  87 => 'Shopware\\Storefront\\Controller\\WishlistController',
  88 => 'Shopware\\Storefront\\Theme\\Controller\\ThemeController',
  90 => 'Symfony\\Bundle\\FrameworkBundle\\Controller\\ControllerResolver',
  91 => 'Symfony\\Bundle\\FrameworkBundle\\Controller\\RedirectController',
  92 => 'Symfony\\Bundle\\FrameworkBundle\\Controller\\TemplateController',
  93 => 'Symfony\\Bundle\\WebProfilerBundle\\Controller\\ExceptionPanelController',
  94 => 'Symfony\\Bundle\\WebProfilerBundle\\Controller\\ProfilerController',
  95 => 'Symfony\\Bundle\\WebProfilerBundle\\Controller\\RouterController',
  96 => 'Symfony\\Component\\HttpKernel\\Controller\\ArgumentResolver',
  97 => 'Symfony\\Component\\HttpKernel\\Controller\\ArgumentResolverInterface',
  98 => 'Symfony\\Component\\HttpKernel\\Controller\\ArgumentResolver\\DefaultValueResolver',
  99 => 'Symfony\\Component\\HttpKernel\\Controller\\ArgumentResolver\\NotTaggedControllerValueResolver',
  100 => 'Symfony\\Component\\HttpKernel\\Controller\\ArgumentResolver\\RequestAttributeValueResolver',
  101 => 'Symfony\\Component\\HttpKernel\\Controller\\ArgumentResolver\\RequestValueResolver',
  102 => 'Symfony\\Component\\HttpKernel\\Controller\\ArgumentResolver\\ServiceValueResolver',
  103 => 'Symfony\\Component\\HttpKernel\\Controller\\ArgumentResolver\\SessionValueResolver',
  104 => 'Symfony\\Component\\HttpKernel\\Controller\\ArgumentResolver\\TraceableValueResolver',
  105 => 'Symfony\\Component\\HttpKernel\\Controller\\ArgumentResolver\\VariadicValueResolver',
  106 => 'Symfony\\Component\\HttpKernel\\Controller\\ArgumentValueResolverInterface',
  107 => 'Symfony\\Component\\HttpKernel\\Controller\\ContainerControllerResolver',
  108 => 'Symfony\\Component\\HttpKernel\\Controller\\ControllerReference',
  109 => 'Symfony\\Component\\HttpKernel\\Controller\\ControllerResolver',
  110 => 'Symfony\\Component\\HttpKernel\\Controller\\ControllerResolverInterface',
  111 => 'Symfony\\Component\\HttpKernel\\Controller\\ErrorController',
  112 => 'Symfony\\Component\\HttpKernel\\Controller\\TraceableArgumentResolver',
  113 => 'Symfony\\Component\\HttpKernel\\Controller\\TraceableControllerResolver',
);